<html>
<body>
<pre>
<h1>µVision Build Log</h1>
<h2>Project:</h2>
C:\3DAQ\Firmware\SB3_firmware.uvproj
Project File Date:  05/23/2014

<h2>Output:</h2>
Build target 'SB3'
compiling ADC.c...
user\src\ADC.c(177): warning:  #68-D: integer conversion resulted in a change of sign
user\src\ADC.c(180): warning:  #68-D: integer conversion resulted in a change of sign
user\src\ADC.c(180): warning:  #68-D: integer conversion resulted in a change of sign
user\src\ADC.c(186): warning:  #68-D: integer conversion resulted in a change of sign
user\src\ADC.c(32): warning:  #177-D: variable "echo" was declared but never referenced
linking...
Program Size: Code=7172 RO-data=320 RW-data=148 ZI-data=7884  
"SB3_firmware.axf" - 0 Error(s), 5 Warning(s).
Build target 'SB3'
linking...
Program Size: Code=7172 RO-data=320 RW-data=148 ZI-data=7884  
"SB3_firmware.axf" - 0 Error(s), 0 Warning(s).
Build target 'SB3'
compiling ADC.c...
user\src\ADC.c(177): warning:  #68-D: integer conversion resulted in a change of sign
user\src\ADC.c(180): warning:  #68-D: integer conversion resulted in a change of sign
user\src\ADC.c(180): warning:  #68-D: integer conversion resulted in a change of sign
user\src\ADC.c(186): warning:  #68-D: integer conversion resulted in a change of sign
user\src\ADC.c(32): warning:  #177-D: variable "echo" was declared but never referenced
linking...
SB3_firmware.axf: Error: L6406E: No space in execution regions with .ANY selector matching adc.o(.bss).
SB3_firmware.axf: Error: L6407E: Sections of aggregate size 0x2038 bytes could not fit into .ANY selector(s).
Target not created
Build target 'SB3'
compiling ADC.c...
user\src\ADC.c(177): warning:  #68-D: integer conversion resulted in a change of sign
user\src\ADC.c(180): warning:  #68-D: integer conversion resulted in a change of sign
user\src\ADC.c(180): warning:  #68-D: integer conversion resulted in a change of sign
user\src\ADC.c(186): warning:  #68-D: integer conversion resulted in a change of sign
user\src\ADC.c(32): warning:  #177-D: variable "echo" was declared but never referenced
linking...
SB3_firmware.axf: Error: L6406E: No space in execution regions with .ANY selector matching startup_stm32f10x_md_vl.o(STACK).
SB3_firmware.axf: Error: L6407E: Sections of aggregate size 0x400 bytes could not fit into .ANY selector(s).
Target not created
Build target 'SB3'
compiling ADC.c...
user\src\ADC.c(177): warning:  #68-D: integer conversion resulted in a change of sign
user\src\ADC.c(180): warning:  #68-D: integer conversion resulted in a change of sign
user\src\ADC.c(180): warning:  #68-D: integer conversion resulted in a change of sign
user\src\ADC.c(186): warning:  #68-D: integer conversion resulted in a change of sign
user\src\ADC.c(32): warning:  #177-D: variable "echo" was declared but never referenced
linking...
SB3_firmware.axf: Error: L6406E: No space in execution regions with .ANY selector matching libspace.o(.bss).
SB3_firmware.axf: Error: L6406E: No space in execution regions with .ANY selector matching adc.o(.data).
SB3_firmware.axf: Error: L6406E: No space in execution regions with .ANY selector matching main.o(.data).
SB3_firmware.axf: Error: L6406E: No space in execution regions with .ANY selector matching stm32f10x_rcc.o(.data).
SB3_firmware.axf: Error: L6407E: Sections of aggregate size 0xf0 bytes could not fit into .ANY selector(s).
Target not created
Build target 'SB3'
compiling ADC.c...
user\src\ADC.c(177): warning:  #68-D: integer conversion resulted in a change of sign
user\src\ADC.c(180): warning:  #68-D: integer conversion resulted in a change of sign
user\src\ADC.c(180): warning:  #68-D: integer conversion resulted in a change of sign
user\src\ADC.c(186): warning:  #68-D: integer conversion resulted in a change of sign
user\src\ADC.c(32): warning:  #177-D: variable "echo" was declared but never referenced
linking...
SB3_firmware.axf: Error: L6406E: No space in execution regions with .ANY selector matching main.o(.data).
SB3_firmware.axf: Error: L6407E: Sections of aggregate size 0x38 bytes could not fit into .ANY selector(s).
Target not created
Build target 'SB3'
compiling ADC.c...
user\src\ADC.c(177): warning:  #68-D: integer conversion resulted in a change of sign
user\src\ADC.c(180): warning:  #68-D: integer conversion resulted in a change of sign
user\src\ADC.c(180): warning:  #68-D: integer conversion resulted in a change of sign
user\src\ADC.c(186): warning:  #68-D: integer conversion resulted in a change of sign
user\src\ADC.c(32): warning:  #177-D: variable "echo" was declared but never referenced
linking...
Program Size: Code=7172 RO-data=320 RW-data=148 ZI-data=7884  
"SB3_firmware.axf" - 0 Error(s), 5 Warning(s).
Build target 'SB3'
linking...
Program Size: Code=7172 RO-data=320 RW-data=148 ZI-data=7884  
"SB3_firmware.axf" - 0 Error(s), 0 Warning(s).
